complaint | 民事起诉状——买卖合同纠纷 | sections=当事人信息 > 诉讼请求 > 事实与理由 > 法律依据 > 证据概览 > 结语 > 引用来源映射 | tables=当事人信息 > 法律依据 > 证据概览 > 引用来源映射
defence | 民事答辩状——买卖合同纠纷 | sections=当事人信息 > 答辩意见 > 事实与理由 > 法律依据 > 证据概览 > 复核说明 > 引用来源映射 | tables=当事人信息 > 法律依据 > 证据概览 > 引用来源映射
evidence_schedule | 证据目录——买卖合同纠纷 | sections=编制说明 > 证据目录 > 引用来源映射 | tables=证据目录 > 引用来源映射
fact_timeline | 案件事实时间线——买卖合同纠纷 | sections=案件概览 > 事实时间线 > 待核对事项 > 引用来源映射 | tables=事实时间线 > 引用来源映射
legal_research_report | 法律检索报告——买卖合同纠纷 | sections=检索范围与目的 > 争点清单 > 法律依据与检索结果 > 检索结论使用说明 > 引用来源映射 | tables=法律依据与检索结果 > 引用来源映射
lawyer_letter | 律师函——买卖合同纠纷 | sections=收发函主体 > 事项说明 > 事实陈述 > 正式要求 > 法律依据 > 办理要求 > 引用来源映射 | tables=收发函主体 > 法律依据 > 引用来源映射
